round 1: order_book_throughput/map_slots_ordered: MEASURED
round 1: order_book_throughput/vector_front: MEASURED
round 1: order_book_throughput/vector_back: MEASURED
round 1: order_book_throughput/map_slots_random: MEASURED
round 1: order_book_throughput/vector_linear: MEASURED
round 1: order_book_throughput/map_list: MEASURED
round 1: order_book_throughput/vector_branchless: MEASURED
round 2: order_book_throughput/vector_front: MEASURED
round 2: order_book_throughput/vector_linear: MEASURED
round 2: order_book_throughput/map_slots_random: MEASURED
round 2: order_book_throughput/vector_back: MEASURED
round 2: order_book_throughput/map_list: MEASURED
round 2: order_book_throughput/vector_branchless: MEASURED
round 2: order_book_throughput/map_slots_ordered: MEASURED
round 3: order_book_throughput/vector_front: MEASURED
round 3: order_book_throughput/map_slots_random: MEASURED
round 3: order_book_throughput/vector_back: MEASURED
round 3: order_book_throughput/map_slots_ordered: MEASURED
round 3: order_book_throughput/vector_branchless: MEASURED
round 3: order_book_throughput/vector_linear: MEASURED
round 3: order_book_throughput/map_list: MEASURED
Saved /home/ljw/low-latency-cpp-lab/results/raw/order-book-cppcon-controlled-20260927/interleaved/n256-throughput/summary.md
round 1: order_book_throughput/map_slots_ordered: MEASURED
round 1: order_book_throughput/vector_front: MEASURED
round 1: order_book_throughput/vector_back: MEASURED
round 1: order_book_throughput/map_slots_random: MEASURED
round 1: order_book_throughput/vector_linear: MEASURED
round 1: order_book_throughput/map_list: MEASURED
round 1: order_book_throughput/vector_branchless: MEASURED
round 2: order_book_throughput/vector_front: MEASURED
round 2: order_book_throughput/vector_linear: MEASURED
round 2: order_book_throughput/map_slots_random: MEASURED
round 2: order_book_throughput/vector_back: MEASURED
round 2: order_book_throughput/map_list: MEASURED
round 2: order_book_throughput/vector_branchless: MEASURED
round 2: order_book_throughput/map_slots_ordered: MEASURED
round 3: order_book_throughput/vector_front: MEASURED
round 3: order_book_throughput/map_slots_random: MEASURED
round 3: order_book_throughput/vector_back: MEASURED
round 3: order_book_throughput/map_slots_ordered: MEASURED
round 3: order_book_throughput/vector_branchless: MEASURED
round 3: order_book_throughput/vector_linear: MEASURED
round 3: order_book_throughput/map_list: MEASURED
Saved /home/ljw/low-latency-cpp-lab/results/raw/order-book-cppcon-controlled-20260927/interleaved/n4096-throughput/summary.md
round 1: order_book_latency/map_slots_ordered: MEASURED
round 1: order_book_latency/vector_front: MEASURED
round 1: order_book_latency/vector_back: MEASURED
round 1: order_book_latency/map_slots_random: MEASURED
round 1: order_book_latency/vector_linear: MEASURED
round 1: order_book_latency/map_list: MEASURED
round 1: order_book_latency/vector_branchless: MEASURED
round 2: order_book_latency/vector_front: MEASURED
round 2: order_book_latency/vector_linear: MEASURED
round 2: order_book_latency/map_slots_random: MEASURED
round 2: order_book_latency/vector_back: MEASURED
round 2: order_book_latency/map_list: MEASURED
round 2: order_book_latency/vector_branchless: MEASURED
round 2: order_book_latency/map_slots_ordered: MEASURED
round 3: order_book_latency/vector_front: MEASURED
round 3: order_book_latency/map_slots_random: MEASURED
round 3: order_book_latency/vector_back: MEASURED
round 3: order_book_latency/map_slots_ordered: MEASURED
round 3: order_book_latency/vector_branchless: MEASURED
round 3: order_book_latency/vector_linear: MEASURED
round 3: order_book_latency/map_list: MEASURED
Saved /home/ljw/low-latency-cpp-lab/results/raw/order-book-cppcon-controlled-20260927/interleaved/n4096-latency/summary.md
round 1: order_book_latency/map_slots_ordered: MEASURED
round 1: order_book_latency/vector_front: MEASURED
round 1: order_book_latency/vector_back: MEASURED
round 1: order_book_latency/map_slots_random: MEASURED
round 1: order_book_latency/vector_linear: MEASURED
round 1: order_book_latency/map_list: MEASURED
round 1: order_book_latency/vector_branchless: MEASURED
round 2: order_book_latency/vector_front: MEASURED
round 2: order_book_latency/vector_linear: MEASURED
round 2: order_book_latency/map_slots_random: MEASURED
round 2: order_book_latency/vector_back: MEASURED
round 2: order_book_latency/map_list: MEASURED
round 2: order_book_latency/vector_branchless: MEASURED
round 2: order_book_latency/map_slots_ordered: MEASURED
round 3: order_book_latency/vector_front: MEASURED
round 3: order_book_latency/map_slots_random: MEASURED
round 3: order_book_latency/vector_back: MEASURED
round 3: order_book_latency/map_slots_ordered: MEASURED
round 3: order_book_latency/vector_branchless: MEASURED
round 3: order_book_latency/vector_linear: MEASURED
round 3: order_book_latency/map_list: MEASURED
Saved /home/ljw/low-latency-cpp-lab/results/raw/order-book-cppcon-controlled-20260927/interleaved/n16-latency/summary.md
round 1: order_book_latency/map_slots_ordered: MEASURED
round 1: order_book_latency/vector_front: MEASURED
round 1: order_book_latency/vector_back: MEASURED
round 1: order_book_latency/map_slots_random: MEASURED
round 1: order_book_latency/vector_linear: MEASURED
round 1: order_book_latency/map_list: MEASURED
round 1: order_book_latency/vector_branchless: MEASURED
round 2: order_book_latency/vector_front: MEASURED
round 2: order_book_latency/vector_linear: MEASURED
round 2: order_book_latency/map_slots_random: MEASURED
round 2: order_book_latency/vector_back: MEASURED
round 2: order_book_latency/map_list: MEASURED
round 2: order_book_latency/vector_branchless: MEASURED
round 2: order_book_latency/map_slots_ordered: MEASURED
round 3: order_book_latency/vector_front: MEASURED
round 3: order_book_latency/map_slots_random: MEASURED
round 3: order_book_latency/vector_back: MEASURED
round 3: order_book_latency/map_slots_ordered: MEASURED
round 3: order_book_latency/vector_branchless: MEASURED
round 3: order_book_latency/vector_linear: MEASURED
round 3: order_book_latency/map_list: MEASURED
Saved /home/ljw/low-latency-cpp-lab/results/raw/order-book-cppcon-controlled-20260927/interleaved/n256-latency/summary.md
round 1: order_book_throughput/map_slots_ordered: MEASURED
round 1: order_book_throughput/vector_front: MEASURED
round 1: order_book_throughput/vector_back: MEASURED
round 1: order_book_throughput/map_slots_random: MEASURED
round 1: order_book_throughput/vector_linear: MEASURED
round 1: order_book_throughput/map_list: MEASURED
round 1: order_book_throughput/vector_branchless: MEASURED
round 2: order_book_throughput/vector_front: MEASURED
round 2: order_book_throughput/vector_linear: MEASURED
round 2: order_book_throughput/map_slots_random: MEASURED
round 2: order_book_throughput/vector_back: MEASURED
round 2: order_book_throughput/map_list: MEASURED
round 2: order_book_throughput/vector_branchless: MEASURED
round 2: order_book_throughput/map_slots_ordered: MEASURED
round 3: order_book_throughput/vector_front: MEASURED
round 3: order_book_throughput/map_slots_random: MEASURED
round 3: order_book_throughput/vector_back: MEASURED
round 3: order_book_throughput/map_slots_ordered: MEASURED
round 3: order_book_throughput/vector_branchless: MEASURED
round 3: order_book_throughput/vector_linear: MEASURED
round 3: order_book_throughput/map_list: MEASURED
Saved /home/ljw/low-latency-cpp-lab/results/raw/order-book-cppcon-controlled-20260927/interleaved/n16-throughput/summary.md
