round 1: containers/unordered_map_lookup: MEASURED
round 1: containers/map_lookup: MEASURED
round 1: containers/deque_insert: MEASURED
round 1: data_layout/soa: MEASURED
round 1: containers/unordered_map_erase: MEASURED
round 1: containers/list_iterate: MEASURED
round 1: containers/list_insert: MEASURED
round 1: containers/deque_iterate: MEASURED
round 1: containers/map_erase: MEASURED
round 1: containers/sorted_vector_iterate: MEASURED
round 1: containers/deque_erase: MEASURED
round 1: containers/unordered_map_iterate: MEASURED
round 1: containers/vector_insert: MEASURED
round 1: containers/map_iterate: MEASURED
round 1: containers/sorted_vector_erase: MEASURED
round 1: containers/map_insert: MEASURED
round 1: containers/vector_iterate: MEASURED
round 1: containers/unordered_map_insert: MEASURED
round 1: data_layout/aos: MEASURED
round 1: containers/list_lookup: MEASURED
round 1: containers/sorted_vector_insert: MEASURED
round 1: containers/list_erase: MEASURED
round 1: containers/deque_lookup: MEASURED
round 1: containers/vector_lookup: MEASURED
round 1: containers/vector_erase: MEASURED
round 1: containers/sorted_vector_lookup: MEASURED
round 2: containers/vector_iterate: MEASURED
round 2: containers/sorted_vector_insert: MEASURED
round 2: containers/map_lookup: MEASURED
round 2: containers/list_erase: MEASURED
round 2: containers/unordered_map_erase: MEASURED
round 2: containers/map_erase: MEASURED
round 2: containers/unordered_map_lookup: MEASURED
round 2: containers/sorted_vector_erase: MEASURED
round 2: data_layout/soa: MEASURED
round 2: containers/deque_insert: MEASURED
round 2: containers/deque_erase: MEASURED
round 2: containers/sorted_vector_iterate: MEASURED
round 2: containers/map_iterate: MEASURED
round 2: containers/unordered_map_insert: MEASURED
round 2: containers/vector_insert: MEASURED
round 2: containers/vector_erase: MEASURED
round 2: containers/sorted_vector_lookup: MEASURED
round 2: containers/list_iterate: MEASURED
round 2: containers/list_lookup: MEASURED
round 2: data_layout/aos: MEASURED
round 2: containers/deque_iterate: MEASURED
round 2: containers/map_insert: MEASURED
round 2: containers/list_insert: MEASURED
round 2: containers/vector_lookup: MEASURED
round 2: containers/deque_lookup: MEASURED
round 2: containers/unordered_map_iterate: MEASURED
round 3: containers/vector_lookup: MEASURED
round 3: containers/map_lookup: MEASURED
round 3: containers/map_erase: MEASURED
round 3: containers/deque_iterate: MEASURED
round 3: containers/deque_lookup: MEASURED
round 3: containers/sorted_vector_erase: MEASURED
round 3: containers/sorted_vector_insert: MEASURED
round 3: containers/list_insert: MEASURED
round 3: containers/unordered_map_lookup: MEASURED
round 3: containers/list_lookup: MEASURED
round 3: containers/sorted_vector_iterate: MEASURED
round 3: containers/map_iterate: MEASURED
round 3: containers/vector_erase: MEASURED
round 3: containers/map_insert: MEASURED
round 3: data_layout/soa: MEASURED
round 3: data_layout/aos: MEASURED
round 3: containers/list_erase: MEASURED
round 3: containers/vector_insert: MEASURED
round 3: containers/vector_iterate: MEASURED
round 3: containers/list_iterate: MEASURED
round 3: containers/unordered_map_iterate: MEASURED
round 3: containers/deque_erase: MEASURED
round 3: containers/unordered_map_erase: MEASURED
round 3: containers/sorted_vector_lookup: MEASURED
round 3: containers/deque_insert: MEASURED
round 3: containers/unordered_map_insert: MEASURED
Saved /home/ljw/low-latency-cpp-lab/results/raw/containers-20260920/containers-n16/summary.md
round 1: containers/unordered_map_lookup: MEASURED
round 1: containers/map_lookup: MEASURED
round 1: containers/deque_insert: MEASURED
round 1: data_layout/soa: MEASURED
round 1: containers/unordered_map_erase: MEASURED
round 1: containers/list_iterate: MEASURED
round 1: containers/list_insert: MEASURED
round 1: containers/deque_iterate: MEASURED
round 1: containers/map_erase: MEASURED
round 1: containers/sorted_vector_iterate: MEASURED
round 1: containers/deque_erase: MEASURED
round 1: containers/unordered_map_iterate: MEASURED
round 1: containers/vector_insert: MEASURED
round 1: containers/map_iterate: MEASURED
round 1: containers/sorted_vector_erase: MEASURED
round 1: containers/map_insert: MEASURED
round 1: containers/vector_iterate: MEASURED
round 1: containers/unordered_map_insert: MEASURED
round 1: data_layout/aos: MEASURED
round 1: containers/list_lookup: MEASURED
round 1: containers/sorted_vector_insert: MEASURED
round 1: containers/list_erase: MEASURED
round 1: containers/deque_lookup: MEASURED
round 1: containers/vector_lookup: MEASURED
round 1: containers/vector_erase: MEASURED
round 1: containers/sorted_vector_lookup: MEASURED
round 2: containers/vector_iterate: MEASURED
round 2: containers/sorted_vector_insert: MEASURED
round 2: containers/map_lookup: MEASURED
round 2: containers/list_erase: MEASURED
round 2: containers/unordered_map_erase: MEASURED
round 2: containers/map_erase: MEASURED
round 2: containers/unordered_map_lookup: MEASURED
round 2: containers/sorted_vector_erase: MEASURED
round 2: data_layout/soa: MEASURED
round 2: containers/deque_insert: MEASURED
round 2: containers/deque_erase: MEASURED
round 2: containers/sorted_vector_iterate: MEASURED
round 2: containers/map_iterate: MEASURED
round 2: containers/unordered_map_insert: MEASURED
round 2: containers/vector_insert: MEASURED
round 2: containers/vector_erase: MEASURED
round 2: containers/sorted_vector_lookup: MEASURED
round 2: containers/list_iterate: MEASURED
round 2: containers/list_lookup: MEASURED
round 2: data_layout/aos: MEASURED
round 2: containers/deque_iterate: MEASURED
round 2: containers/map_insert: MEASURED
round 2: containers/list_insert: MEASURED
round 2: containers/vector_lookup: MEASURED
round 2: containers/deque_lookup: MEASURED
round 2: containers/unordered_map_iterate: MEASURED
round 3: containers/vector_lookup: MEASURED
round 3: containers/map_lookup: MEASURED
round 3: containers/map_erase: MEASURED
round 3: containers/deque_iterate: MEASURED
round 3: containers/deque_lookup: MEASURED
round 3: containers/sorted_vector_erase: MEASURED
round 3: containers/sorted_vector_insert: MEASURED
round 3: containers/list_insert: MEASURED
round 3: containers/unordered_map_lookup: MEASURED
round 3: containers/list_lookup: MEASURED
round 3: containers/sorted_vector_iterate: MEASURED
round 3: containers/map_iterate: MEASURED
round 3: containers/vector_erase: MEASURED
round 3: containers/map_insert: MEASURED
round 3: data_layout/soa: MEASURED
round 3: data_layout/aos: MEASURED
round 3: containers/list_erase: MEASURED
round 3: containers/vector_insert: MEASURED
round 3: containers/vector_iterate: MEASURED
round 3: containers/list_iterate: MEASURED
round 3: containers/unordered_map_iterate: MEASURED
round 3: containers/deque_erase: MEASURED
round 3: containers/unordered_map_erase: MEASURED
round 3: containers/sorted_vector_lookup: MEASURED
round 3: containers/deque_insert: MEASURED
round 3: containers/unordered_map_insert: MEASURED
Saved /home/ljw/low-latency-cpp-lab/results/raw/containers-20260920/containers-n64/summary.md
round 1: containers/unordered_map_lookup: MEASURED
round 1: containers/map_lookup: MEASURED
round 1: containers/deque_insert: MEASURED
round 1: data_layout/soa: MEASURED
round 1: containers/unordered_map_erase: MEASURED
round 1: containers/list_iterate: MEASURED
round 1: containers/list_insert: MEASURED
round 1: containers/deque_iterate: MEASURED
round 1: containers/map_erase: MEASURED
round 1: containers/sorted_vector_iterate: MEASURED
round 1: containers/deque_erase: MEASURED
round 1: containers/unordered_map_iterate: MEASURED
round 1: containers/vector_insert: MEASURED
round 1: containers/map_iterate: MEASURED
round 1: containers/sorted_vector_erase: MEASURED
round 1: containers/map_insert: MEASURED
round 1: containers/vector_iterate: MEASURED
round 1: containers/unordered_map_insert: MEASURED
round 1: data_layout/aos: MEASURED
round 1: containers/list_lookup: MEASURED
round 1: containers/sorted_vector_insert: MEASURED
round 1: containers/list_erase: MEASURED
round 1: containers/deque_lookup: MEASURED
round 1: containers/vector_lookup: MEASURED
round 1: containers/vector_erase: MEASURED
round 1: containers/sorted_vector_lookup: MEASURED
round 2: containers/vector_iterate: MEASURED
round 2: containers/sorted_vector_insert: MEASURED
round 2: containers/map_lookup: MEASURED
round 2: containers/list_erase: MEASURED
round 2: containers/unordered_map_erase: MEASURED
round 2: containers/map_erase: MEASURED
round 2: containers/unordered_map_lookup: MEASURED
round 2: containers/sorted_vector_erase: MEASURED
round 2: data_layout/soa: MEASURED
round 2: containers/deque_insert: MEASURED
round 2: containers/deque_erase: MEASURED
round 2: containers/sorted_vector_iterate: MEASURED
round 2: containers/map_iterate: MEASURED
round 2: containers/unordered_map_insert: MEASURED
round 2: containers/vector_insert: MEASURED
round 2: containers/vector_erase: MEASURED
round 2: containers/sorted_vector_lookup: MEASURED
round 2: containers/list_iterate: MEASURED
round 2: containers/list_lookup: MEASURED
round 2: data_layout/aos: MEASURED
round 2: containers/deque_iterate: MEASURED
round 2: containers/map_insert: MEASURED
round 2: containers/list_insert: MEASURED
round 2: containers/vector_lookup: MEASURED
round 2: containers/deque_lookup: MEASURED
round 2: containers/unordered_map_iterate: MEASURED
round 3: containers/vector_lookup: MEASURED
round 3: containers/map_lookup: MEASURED
round 3: containers/map_erase: MEASURED
round 3: containers/deque_iterate: MEASURED
round 3: containers/deque_lookup: MEASURED
round 3: containers/sorted_vector_erase: MEASURED
round 3: containers/sorted_vector_insert: MEASURED
round 3: containers/list_insert: MEASURED
round 3: containers/unordered_map_lookup: MEASURED
round 3: containers/list_lookup: MEASURED
round 3: containers/sorted_vector_iterate: MEASURED
round 3: containers/map_iterate: MEASURED
round 3: containers/vector_erase: MEASURED
round 3: containers/map_insert: MEASURED
round 3: data_layout/soa: MEASURED
round 3: data_layout/aos: MEASURED
round 3: containers/list_erase: MEASURED
round 3: containers/vector_insert: MEASURED
round 3: containers/vector_iterate: MEASURED
round 3: containers/list_iterate: MEASURED
round 3: containers/unordered_map_iterate: MEASURED
round 3: containers/deque_erase: MEASURED
round 3: containers/unordered_map_erase: MEASURED
round 3: containers/sorted_vector_lookup: MEASURED
round 3: containers/deque_insert: MEASURED
round 3: containers/unordered_map_insert: MEASURED
Saved /home/ljw/low-latency-cpp-lab/results/raw/containers-20260920/containers-n256/summary.md
round 1: containers/unordered_map_lookup: MEASURED
round 1: containers/map_lookup: MEASURED
round 1: containers/deque_insert: MEASURED
round 1: data_layout/soa: MEASURED
round 1: containers/unordered_map_erase: MEASURED
round 1: containers/list_iterate: MEASURED
round 1: containers/list_insert: MEASURED
round 1: containers/deque_iterate: MEASURED
round 1: containers/map_erase: MEASURED
round 1: containers/sorted_vector_iterate: MEASURED
round 1: containers/deque_erase: MEASURED
round 1: containers/unordered_map_iterate: MEASURED
round 1: containers/vector_insert: MEASURED
round 1: containers/map_iterate: MEASURED
round 1: containers/sorted_vector_erase: MEASURED
round 1: containers/map_insert: MEASURED
round 1: containers/vector_iterate: MEASURED
round 1: containers/unordered_map_insert: MEASURED
round 1: data_layout/aos: MEASURED
round 1: containers/list_lookup: MEASURED
round 1: containers/sorted_vector_insert: MEASURED
round 1: containers/list_erase: MEASURED
round 1: containers/deque_lookup: MEASURED
round 1: containers/vector_lookup: MEASURED
round 1: containers/vector_erase: MEASURED
round 1: containers/sorted_vector_lookup: MEASURED
round 2: containers/vector_iterate: MEASURED
round 2: containers/sorted_vector_insert: MEASURED
round 2: containers/map_lookup: MEASURED
round 2: containers/list_erase: MEASURED
round 2: containers/unordered_map_erase: MEASURED
round 2: containers/map_erase: MEASURED
round 2: containers/unordered_map_lookup: MEASURED
round 2: containers/sorted_vector_erase: MEASURED
round 2: data_layout/soa: MEASURED
round 2: containers/deque_insert: MEASURED
round 2: containers/deque_erase: MEASURED
round 2: containers/sorted_vector_iterate: MEASURED
round 2: containers/map_iterate: MEASURED
round 2: containers/unordered_map_insert: MEASURED
round 2: containers/vector_insert: MEASURED
round 2: containers/vector_erase: MEASURED
round 2: containers/sorted_vector_lookup: MEASURED
round 2: containers/list_iterate: MEASURED
round 2: containers/list_lookup: MEASURED
round 2: data_layout/aos: MEASURED
round 2: containers/deque_iterate: MEASURED
round 2: containers/map_insert: MEASURED
round 2: containers/list_insert: MEASURED
round 2: containers/vector_lookup: MEASURED
round 2: containers/deque_lookup: MEASURED
round 2: containers/unordered_map_iterate: MEASURED
round 3: containers/vector_lookup: MEASURED
round 3: containers/map_lookup: MEASURED
round 3: containers/map_erase: MEASURED
round 3: containers/deque_iterate: MEASURED
round 3: containers/deque_lookup: MEASURED
round 3: containers/sorted_vector_erase: MEASURED
round 3: containers/sorted_vector_insert: MEASURED
round 3: containers/list_insert: MEASURED
round 3: containers/unordered_map_lookup: MEASURED
round 3: containers/list_lookup: MEASURED
round 3: containers/sorted_vector_iterate: MEASURED
round 3: containers/map_iterate: MEASURED
round 3: containers/vector_erase: MEASURED
round 3: containers/map_insert: MEASURED
round 3: data_layout/soa: MEASURED
round 3: data_layout/aos: MEASURED
round 3: containers/list_erase: MEASURED
round 3: containers/vector_insert: MEASURED
round 3: containers/vector_iterate: MEASURED
round 3: containers/list_iterate: MEASURED
round 3: containers/unordered_map_iterate: MEASURED
round 3: containers/deque_erase: MEASURED
round 3: containers/unordered_map_erase: MEASURED
round 3: containers/sorted_vector_lookup: MEASURED
round 3: containers/deque_insert: MEASURED
round 3: containers/unordered_map_insert: MEASURED
Saved /home/ljw/low-latency-cpp-lab/results/raw/containers-20260920/containers-n1024/summary.md
round 1: containers/unordered_map_lookup: MEASURED
round 1: containers/map_lookup: MEASURED
round 1: containers/deque_insert: MEASURED
round 1: data_layout/soa: MEASURED
round 1: containers/unordered_map_erase: MEASURED
round 1: containers/list_iterate: MEASURED
round 1: containers/list_insert: MEASURED
round 1: containers/deque_iterate: MEASURED
round 1: containers/map_erase: MEASURED
round 1: containers/sorted_vector_iterate: MEASURED
round 1: containers/deque_erase: MEASURED
round 1: containers/unordered_map_iterate: MEASURED
round 1: containers/vector_insert: MEASURED
round 1: containers/map_iterate: MEASURED
round 1: containers/sorted_vector_erase: MEASURED
round 1: containers/map_insert: MEASURED
round 1: containers/vector_iterate: MEASURED
round 1: containers/unordered_map_insert: MEASURED
round 1: data_layout/aos: MEASURED
round 1: containers/list_lookup: MEASURED
round 1: containers/sorted_vector_insert: MEASURED
round 1: containers/list_erase: MEASURED
round 1: containers/deque_lookup: MEASURED
round 1: containers/vector_lookup: MEASURED
round 1: containers/vector_erase: MEASURED
round 1: containers/sorted_vector_lookup: MEASURED
round 2: containers/vector_iterate: MEASURED
round 2: containers/sorted_vector_insert: MEASURED
round 2: containers/map_lookup: MEASURED
round 2: containers/list_erase: MEASURED
round 2: containers/unordered_map_erase: MEASURED
round 2: containers/map_erase: MEASURED
round 2: containers/unordered_map_lookup: MEASURED
round 2: containers/sorted_vector_erase: MEASURED
round 2: data_layout/soa: MEASURED
round 2: containers/deque_insert: MEASURED
round 2: containers/deque_erase: MEASURED
round 2: containers/sorted_vector_iterate: MEASURED
round 2: containers/map_iterate: MEASURED
round 2: containers/unordered_map_insert: MEASURED
round 2: containers/vector_insert: MEASURED
round 2: containers/vector_erase: MEASURED
round 2: containers/sorted_vector_lookup: MEASURED
round 2: containers/list_iterate: MEASURED
round 2: containers/list_lookup: MEASURED
round 2: data_layout/aos: MEASURED
round 2: containers/deque_iterate: MEASURED
round 2: containers/map_insert: MEASURED
round 2: containers/list_insert: MEASURED
round 2: containers/vector_lookup: MEASURED
round 2: containers/deque_lookup: MEASURED
round 2: containers/unordered_map_iterate: MEASURED
round 3: containers/vector_lookup: MEASURED
round 3: containers/map_lookup: MEASURED
round 3: containers/map_erase: MEASURED
round 3: containers/deque_iterate: MEASURED
round 3: containers/deque_lookup: MEASURED
round 3: containers/sorted_vector_erase: MEASURED
round 3: containers/sorted_vector_insert: MEASURED
round 3: containers/list_insert: MEASURED
round 3: containers/unordered_map_lookup: MEASURED
round 3: containers/list_lookup: MEASURED
round 3: containers/sorted_vector_iterate: MEASURED
round 3: containers/map_iterate: MEASURED
round 3: containers/vector_erase: MEASURED
round 3: containers/map_insert: MEASURED
round 3: data_layout/soa: MEASURED
round 3: data_layout/aos: MEASURED
round 3: containers/list_erase: MEASURED
round 3: containers/vector_insert: MEASURED
round 3: containers/vector_iterate: MEASURED
round 3: containers/list_iterate: MEASURED
round 3: containers/unordered_map_iterate: MEASURED
round 3: containers/deque_erase: MEASURED
round 3: containers/unordered_map_erase: MEASURED
round 3: containers/sorted_vector_lookup: MEASURED
round 3: containers/deque_insert: MEASURED
round 3: containers/unordered_map_insert: MEASURED
Saved /home/ljw/low-latency-cpp-lab/results/raw/containers-20260920/containers-n10000/summary.md
round 1: containers/unordered_map_lookup: MEASURED
round 1: containers/map_lookup: MEASURED
round 1: containers/deque_insert: MEASURED
round 1: data_layout/soa: MEASURED
round 1: containers/unordered_map_erase: MEASURED
round 1: containers/list_iterate: MEASURED
round 1: containers/list_insert: MEASURED
round 1: containers/deque_iterate: MEASURED
round 1: containers/map_erase: MEASURED
round 1: containers/sorted_vector_iterate: MEASURED
round 1: containers/deque_erase: MEASURED
round 1: containers/unordered_map_iterate: MEASURED
round 1: containers/vector_insert: MEASURED
round 1: containers/map_iterate: MEASURED
round 1: containers/sorted_vector_erase: MEASURED
round 1: containers/map_insert: MEASURED
round 1: containers/vector_iterate: MEASURED
round 1: containers/unordered_map_insert: MEASURED
round 1: data_layout/aos: MEASURED
round 1: containers/list_lookup: MEASURED
round 1: containers/sorted_vector_insert: MEASURED
round 1: containers/list_erase: MEASURED
round 1: containers/deque_lookup: MEASURED
round 1: containers/vector_lookup: MEASURED
round 1: containers/vector_erase: MEASURED
round 1: containers/sorted_vector_lookup: MEASURED
round 2: containers/vector_iterate: MEASURED
round 2: containers/sorted_vector_insert: MEASURED
round 2: containers/map_lookup: MEASURED
round 2: containers/list_erase: MEASURED
round 2: containers/unordered_map_erase: MEASURED
round 2: containers/map_erase: MEASURED
round 2: containers/unordered_map_lookup: MEASURED
round 2: containers/sorted_vector_erase: MEASURED
round 2: data_layout/soa: MEASURED
round 2: containers/deque_insert: MEASURED
round 2: containers/deque_erase: MEASURED
round 2: containers/sorted_vector_iterate: MEASURED
round 2: containers/map_iterate: MEASURED
round 2: containers/unordered_map_insert: MEASURED
round 2: containers/vector_insert: MEASURED
round 2: containers/vector_erase: MEASURED
round 2: containers/sorted_vector_lookup: MEASURED
round 2: containers/list_iterate: MEASURED
round 2: containers/list_lookup: MEASURED
round 2: data_layout/aos: MEASURED
round 2: containers/deque_iterate: MEASURED
round 2: containers/map_insert: MEASURED
round 2: containers/list_insert: MEASURED
round 2: containers/vector_lookup: MEASURED
round 2: containers/deque_lookup: MEASURED
round 2: containers/unordered_map_iterate: MEASURED
round 3: containers/vector_lookup: MEASURED
round 3: containers/map_lookup: MEASURED
round 3: containers/map_erase: MEASURED
round 3: containers/deque_iterate: MEASURED
round 3: containers/deque_lookup: MEASURED
round 3: containers/sorted_vector_erase: MEASURED
round 3: containers/sorted_vector_insert: MEASURED
round 3: containers/list_insert: MEASURED
round 3: containers/unordered_map_lookup: MEASURED
round 3: containers/list_lookup: MEASURED
round 3: containers/sorted_vector_iterate: MEASURED
round 3: containers/map_iterate: MEASURED
round 3: containers/vector_erase: MEASURED
round 3: containers/map_insert: MEASURED
round 3: data_layout/soa: MEASURED
round 3: data_layout/aos: MEASURED
round 3: containers/list_erase: MEASURED
round 3: containers/vector_insert: MEASURED
round 3: containers/vector_iterate: MEASURED
round 3: containers/list_iterate: MEASURED
round 3: containers/unordered_map_iterate: MEASURED
round 3: containers/deque_erase: MEASURED
round 3: containers/unordered_map_erase: MEASURED
round 3: containers/sorted_vector_lookup: MEASURED
round 3: containers/deque_insert: MEASURED
round 3: containers/unordered_map_insert: MEASURED
Saved /home/ljw/low-latency-cpp-lab/results/raw/containers-20260920/containers-n100000/summary.md
