-- Configuring done (0.2s)
-- Generating done (0.0s)
-- Build files have been written to: /home/ljw/low-latency-cpp-lab/build/clang-release
[  2%] Building CXX object CMakeFiles/lab_core.dir/src/benchmark.cpp.o
[  5%] Building CXX object CMakeFiles/lab_core.dir/src/results.cpp.o
[  8%] Building CXX object CMakeFiles/lab_core.dir/src/layout.cpp.o
[ 11%] Building CXX object CMakeFiles/lab_core.dir/src/network.cpp.o
[ 14%] Linking CXX static library liblab_core.a
[ 17%] Built target lab_core
[ 20%] Building CXX object CMakeFiles/lab_network_tests.dir/tests/test_network.cpp.o
[ 23%] Building CXX object CMakeFiles/lab_tests.dir/tests/test_core.cpp.o
[ 26%] Building CXX object CMakeFiles/lab_phase2_tests.dir/tests/test_phase2.cpp.o
[ 29%] Building CXX object CMakeFiles/lab_bench.dir/benchmarks/branch/branch_prediction.cpp.o
[ 32%] Linking CXX executable lab_phase2_tests
[ 35%] Linking CXX executable lab_network_tests
[ 35%] Built target lab_phase2_tests
[ 38%] Building CXX object CMakeFiles/lab_container_tests.dir/tests/test_containers.cpp.o
[ 38%] Built target lab_network_tests
[ 41%] Building CXX object CMakeFiles/lab_bench.dir/benchmarks/cache/cache_patterns.cpp.o
[ 44%] Building CXX object CMakeFiles/lab_bench.dir/benchmarks/cache/false_sharing.cpp.o
[ 47%] Linking CXX executable lab_tests
[ 47%] Built target lab_tests
[ 50%] Building CXX object CMakeFiles/lab_bench.dir/benchmarks/cache/sequential_vs_random.cpp.o
[ 52%] Building CXX object CMakeFiles/lab_bench.dir/benchmarks/memory/allocator_batch.cpp.o
[ 55%] Building CXX object CMakeFiles/lab_bench.dir/benchmarks/memory/malloc_vs_pool.cpp.o
[ 58%] Building CXX object CMakeFiles/lab_bench.dir/benchmarks/memory/page_behavior.cpp.o
[ 61%] Linking CXX executable lab_container_tests
[ 61%] Built target lab_container_tests
[ 64%] Building CXX object CMakeFiles/lab_bench.dir/benchmarks/numa/numa_access.cpp.o
[ 67%] Building CXX object CMakeFiles/lab_bench.dir/benchmarks/scheduling/thread_affinity.cpp.o
[ 70%] Building CXX object CMakeFiles/lab_bench.dir/benchmarks/scheduling/wait_and_arrival.cpp.o
[ 73%] Building CXX object CMakeFiles/lab_bench.dir/benchmarks/synchronization/atomic_order.cpp.o
[ 76%] Building CXX object CMakeFiles/lab_bench.dir/benchmarks/synchronization/mutex_vs_spinlock.cpp.o
[ 79%] Building CXX object CMakeFiles/lab_bench.dir/benchmarks/synchronization/rw_locks.cpp.o
[ 82%] Building CXX object CMakeFiles/lab_bench.dir/benchmarks/synchronization/spsc_ring_buffer.cpp.o
[ 85%] Building CXX object CMakeFiles/lab_bench.dir/benchmarks/timer/interval_timing.cpp.o
[ 88%] Building CXX object CMakeFiles/lab_bench.dir/benchmarks/timer/timer_overhead.cpp.o
[ 91%] Building CXX object CMakeFiles/lab_bench.dir/src/main.cpp.o
[ 94%] Building CXX object CMakeFiles/lab_bench.dir/benchmarks/network/loopback.cpp.o
[ 97%] Building CXX object CMakeFiles/lab_bench.dir/benchmarks/containers/containers.cpp.o
[100%] Linking CXX executable lab_bench
[100%] Built target lab_bench
[ 17%] Built target lab_core
[ 20%] Building CXX object CMakeFiles/lab_network_tests.dir/tests/test_network.cpp.o
[ 26%] Built target lab_tests
[ 32%] Built target lab_phase2_tests
[ 38%] Built target lab_container_tests
[ 97%] Built target lab_bench
[100%] Linking CXX executable lab_network_tests
[100%] Built target lab_network_tests
