-- Configuring done (0.2s)
-- Generating done (0.0s)
-- Build files have been written to: /home/ljw/low-latency-cpp-lab/build/clang-release
[  2%] Building CXX object CMakeFiles/lab_core.dir/src/benchmark.cpp.o
[  5%] Building CXX object CMakeFiles/lab_core.dir/src/results.cpp.o
[  7%] Building CXX object CMakeFiles/lab_core.dir/src/order_book.cpp.o
[ 10%] Building CXX object CMakeFiles/lab_core.dir/src/network.cpp.o
[ 12%] Building CXX object CMakeFiles/lab_core.dir/src/order_book_reference.cpp.o
[ 15%] Building CXX object CMakeFiles/lab_core.dir/src/order_book_workload.cpp.o
[ 17%] Linking CXX static library liblab_core.a
[ 22%] Built target lab_core
[ 25%] Building CXX object CMakeFiles/lab_tests.dir/tests/test_core.cpp.o
[ 27%] Building CXX object CMakeFiles/lab_phase2_tests.dir/tests/test_phase2.cpp.o
[ 30%] Linking CXX executable lab_network_tests
[ 32%] Building CXX object CMakeFiles/lab_bench.dir/benchmarks/branch/branch_prediction.cpp.o
[ 35%] Built target lab_network_tests
[ 37%] Linking CXX executable lab_container_tests
[ 40%] Built target lab_container_tests
[ 42%] Building CXX object CMakeFiles/lab_order_book_tests.dir/tests/test_order_book.cpp.o
[ 45%] Linking CXX executable lab_order_book_tests
[ 45%] Built target lab_order_book_tests
[ 47%] Building CXX object CMakeFiles/lab_bench.dir/benchmarks/cache/cache_patterns.cpp.o
[ 50%] Linking CXX executable lab_phase2_tests
[ 50%] Built target lab_phase2_tests
[ 52%] Building CXX object CMakeFiles/lab_bench.dir/benchmarks/cache/false_sharing.cpp.o
[ 55%] Building CXX object CMakeFiles/lab_bench.dir/benchmarks/cache/sequential_vs_random.cpp.o
[ 57%] Linking CXX executable lab_tests
[ 57%] Built target lab_tests
[ 60%] Building CXX object CMakeFiles/lab_bench.dir/benchmarks/containers/containers.cpp.o
[ 62%] Building CXX object CMakeFiles/lab_bench.dir/benchmarks/memory/allocator_batch.cpp.o
[ 65%] Building CXX object CMakeFiles/lab_bench.dir/benchmarks/memory/malloc_vs_pool.cpp.o
[ 67%] Building CXX object CMakeFiles/lab_bench.dir/benchmarks/memory/page_behavior.cpp.o
[ 70%] Building CXX object CMakeFiles/lab_bench.dir/benchmarks/network/loopback.cpp.o
[ 72%] Building CXX object CMakeFiles/lab_bench.dir/benchmarks/numa/numa_access.cpp.o
[ 75%] Building CXX object CMakeFiles/lab_bench.dir/benchmarks/scheduling/thread_affinity.cpp.o
[ 77%] Building CXX object CMakeFiles/lab_bench.dir/benchmarks/scheduling/wait_and_arrival.cpp.o
[ 80%] Building CXX object CMakeFiles/lab_bench.dir/benchmarks/synchronization/atomic_order.cpp.o
[ 82%] Building CXX object CMakeFiles/lab_bench.dir/benchmarks/synchronization/mutex_vs_spinlock.cpp.o
[ 85%] Building CXX object CMakeFiles/lab_bench.dir/benchmarks/synchronization/rw_locks.cpp.o
[ 87%] Building CXX object CMakeFiles/lab_bench.dir/benchmarks/synchronization/spsc_ring_buffer.cpp.o
[ 90%] Building CXX object CMakeFiles/lab_bench.dir/benchmarks/timer/interval_timing.cpp.o
[ 92%] Building CXX object CMakeFiles/lab_bench.dir/benchmarks/timer/timer_overhead.cpp.o
[ 95%] Building CXX object CMakeFiles/lab_bench.dir/src/main.cpp.o
[ 97%] Building CXX object CMakeFiles/lab_bench.dir/benchmarks/order_book/order_book.cpp.o
[100%] Linking CXX executable lab_bench
[100%] Built target lab_bench
[ 22%] Built target lab_core
[ 27%] Built target lab_phase2_tests
[ 32%] Built target lab_tests
[ 37%] Built target lab_network_tests
[ 42%] Built target lab_container_tests
[ 45%] Building CXX object CMakeFiles/lab_order_book_tests.dir/tests/test_order_book.cpp.o
[ 47%] Building CXX object CMakeFiles/lab_bench.dir/benchmarks/order_book/order_book.cpp.o
[ 50%] Linking CXX executable lab_order_book_tests
[ 50%] Built target lab_order_book_tests
[ 52%] Linking CXX executable lab_bench
[100%] Built target lab_bench
